../Core/Src/nrf24l01.c:40:13:CE_Set	8	static
../Core/Src/nrf24l01.c:41:13:CE_Reset	8	static
../Core/Src/nrf24l01.c:42:13:CSN_Set	8	static
../Core/Src/nrf24l01.c:43:13:CSN_Reset	8	static
../Core/Src/nrf24l01.c:45:16:SPI_Byte	32	static
../Core/Src/nrf24l01.c:51:13:WriteReg	16	static
../Core/Src/nrf24l01.c:58:16:ReadReg	24	static
../Core/Src/nrf24l01.c:67:13:WriteRegMulti	24	static
../Core/Src/nrf24l01.c:74:13:WriteCmd	16	static
../Core/Src/nrf24l01.c:81:6:NRF24_Init	32	static
../Core/Src/nrf24l01.c:123:6:NRF24_SetRFChannel	16	static
../Core/Src/nrf24l01.c:128:6:NRF24_SetDataRate	24	static
../Core/Src/nrf24l01.c:135:6:NRF24_SetOutputPower	24	static
../Core/Src/nrf24l01.c:142:6:NRF24_SetCRCLength	24	static
../Core/Src/nrf24l01.c:149:6:NRF24_SetPayloadSize	16	static
../Core/Src/nrf24l01.c:153:6:NRF24_SetAutoAck	16	static
../Core/Src/nrf24l01.c:157:6:NRF24_SetTXAddress	16	static
../Core/Src/nrf24l01.c:162:6:NRF24_SetRXAddress_P0	16	static
../Core/Src/nrf24l01.c:167:6:NRF24_SetTXMode	16	static
../Core/Src/nrf24l01.c:175:19:NRF24_Transmit	32	static
../Core/Src/nrf24l01.c:207:6:NRF24_SetRXMode	16	static
../Core/Src/nrf24l01.c:216:6:NRF24_StartListening	8	static
../Core/Src/nrf24l01.c:217:6:NRF24_StopListening	8	static
../Core/Src/nrf24l01.c:219:9:NRF24_IsDataAvailable	24	static
../Core/Src/nrf24l01.c:228:6:NRF24_Receive	32	static
../Core/Src/nrf24l01.c:237:9:NRF24_GetStatus	16	static
../Core/Src/nrf24l01.c:245:6:NRF24_ClearInterrupts	8	static
../Core/Src/nrf24l01.c:246:6:NRF24_FlushTX	8	static
../Core/Src/nrf24l01.c:247:6:NRF24_FlushRX	8	static
